// Jest Snapshot v1, https://goo.gl/fbAQLP

exports[`Testing al cliente Es Manuel Blanco 1`] = `
{
  "balance": 500,
  "nombre": "Manuel 2",
  "tipo": "Premium",
}
`;
